#-----------------------------------------------------------
# Vivado v2019.2 (64-bit)
# SW Build 2700185 on Thu Oct 24 18:46:05 MDT 2019
# IP Build 2699827 on Thu Oct 24 21:16:38 MDT 2019
# Start of session at: Sun Aug 24 15:28:38 2025
# Process ID: 18476
# Current directory: D:/university/studies/FPGA/PJ_FPGA/GA_Genetic_algorithm/GA
# Command line: vivado.exe -gui_launcher_event rodinguilauncherevent9684 D:\university\studies\FPGA\PJ_FPGA\GA_Genetic_algorithm\GA\GA.xpr
# Log file: D:/university/studies/FPGA/PJ_FPGA/GA_Genetic_algorithm/GA/vivado.log
# Journal file: D:/university/studies/FPGA/PJ_FPGA/GA_Genetic_algorithm/GA\vivado.jou
#-----------------------------------------------------------
start_gui
open_project D:/university/studies/FPGA/PJ_FPGA/GA_Genetic_algorithm/GA/GA.xpr
pupdate_compile_order -fileset sources_launch_simulation
source mutation_tb.tcl
run all
relaunch_sim
run all
relaunch_sim
close_sim
launch_simulation
source mutation_tb.tcl
run all
close_sim
# Disabling source management mode.  This is to allow the top design properties to be set without GUI intervention.
set_property source_mgmt_mode None [current_project]
set_property top ga_top_tb [get_filesets sim_1]
set_property top_lib xil_defaultlib [get_filesets sim_1]
# Re-enabling previously disabled source management mode.
set_property source_mgmt_mode All [current_project]
# Disabling source management mode.  This is to allow the top design properties to be set without GUI intervention.
set_property source_mgmt_mode None [current_project]
set_property top ga_top [current_fileset]
# Re-enabling previously disabled source management mode.
set_property source_mgmt_mode All [current_project]
update_compile_order -fileset sim_1
update_compile_order -fileset sources_1
reset_run synth_3
launch_runs synth_3 -jobs 8
wait_on_run synth_3
# Disabling source management mode.  This is to allow the top design properties to be set without GUI intervention.
set_property source_mgmt_mode None [current_project]
set_property top ga_top [get_filesets sim_1]
set_property top_lib xil_defaultlib [get_filesets sim_1]
# Re-enabling previously disabled source management mode.
set_property source_mgmt_mode All [current_project]
update_compile_order -fileset sim_1
